R version 4.2.3 (2023-03-15 ucrt) -- "Shortstop Beagle"
Copyright (C) 2023 The R Foundation for Statistical Computing
Platform: x86_64-w64-mingw32/x64 (64-bit)

R is free software and comes with ABSOLUTELY NO WARRANTY.
You are welcome to redistribute it under certain conditions.
Type 'license()' or 'licence()' for distribution details.

R is a collaborative project with many contributors.
Type 'contributors()' for more information and
'citation()' on how to cite R or R packages in publications.

Type 'demo()' for some demos, 'help()' for on-line help, or
'help.start()' for an HTML browser interface to help.
Type 'q()' to quit R.

[Workspace loaded from ~/.RData]

> View(contribution)
> View(don)
> don$TGiving=don$FY00Giving+don$FY01Giving+don$FY02Giving
> +don$FY03Giving+don$FY04Giving
   [1]  5000.00 10000.00 10000.00  5100.00  2000.00     0.00     0.00
   [8]   200.00   200.00     0.00     0.00     0.00     0.00  3000.00
  [15]  3000.00     0.00     0.00   315.00  3000.00   200.00   150.00
  [22]  1000.00   225.00    50.00   100.00    50.00   717.00     0.00
  [29]     0.00     0.00    75.00     0.00  3000.00   200.00     0.00
  [36]     0.00     0.00    50.00   355.00   320.00   200.00   157.00
  [43]   100.00    70.00  1350.00     0.00    30.00   500.00   500.00
  [50]   450.00   100.00  1000.00   105.00   100.00    30.00     0.00
  [57]     0.00     0.00     0.00     0.00     0.00     0.00   100.00
  [64]     0.00     0.00   320.00    50.00   600.00   315.00   200.00
  [71]     0.00  1500.00     0.00   315.00   500.00   200.00  1000.00
  [78]  1737.76     0.00     0.00    57.00   315.00   160.00    50.00
  [85]   630.00  2000.00   600.00     0.00     0.00  1000.00   400.00
  [92]   200.00     0.00     0.00 12000.00     0.00 14800.00   100.00
  [99]  2500.00     0.00   600.00   208.00   150.00   315.00 21505.84
 [106]     0.00   200.00   200.00   275.00   100.00  1000.00  3000.00
 [113]     0.00 17405.54  2000.00   358.00  3000.00   200.00   725.00
 [120]     0.00     0.00     0.00 63785.50   200.00   100.00    20.00
 [127]   160.00     0.00     0.00  7000.00  7000.00 29431.25  5000.00
 [134]  1115.49 38000.00  1000.00   100.00   318.00     0.00     0.00
 [141]   114.00   200.00     0.00     0.00  1150.00   467.00   100.00
 [148]   150.00   300.00   350.00     0.00     0.00     0.00     0.00
 [155]     0.00   500.00   500.00     0.00   200.00    35.00   200.00
 [162]    50.00   250.00     0.00    10.00     0.00     0.00     0.00
 [169]     0.00    15.00     0.00   320.00     0.00     5.00   100.00
 [176]   100.00   250.00   100.00     0.00    50.00     0.00   200.00
 [183]     0.00   420.00     0.00   400.00     0.00     0.00     0.00
 [190]     0.00  1100.00     0.00   400.00     0.00   500.00  1100.00
 [197]     0.00     0.00   200.00     0.00   125.00  2200.00   157.00
 [204]   104.00     0.00   150.00     0.00   200.00   200.00   200.00
 [211]   300.00     0.00    20.00   200.00   200.00   307.00     0.00
 [218]     0.00   300.00   300.00   100.00   200.00     0.00   100.00
 [225]     0.00     0.00    36.00     0.00    50.00    25.00  1000.00
 [232]   350.00     0.00     0.00     0.00   750.00     0.00  6000.00
 [239]     0.00   400.00   100.00     0.00  1500.00     0.00     0.00
 [246]   130.00   700.00    30.00    45.00   160.00     0.00     0.00
 [253]   130.00     0.00  1000.00     0.00    30.00   125.00   258.00
 [260]     0.00   600.00     0.00    50.00  4000.00     0.00     0.00
 [267]   158.00    75.00   400.00    50.00   300.00   500.00   314.56
 [274]    80.00     0.00   175.00     0.00     0.00    50.00     0.00
 [281]     0.00     0.00   175.00     0.00   257.00  1120.00    25.00
 [288]     0.00     0.00     0.00     0.00    50.00  1600.00   400.00
 [295]     0.00     0.00     0.00   450.00   225.00   225.00   125.00
 [302]   358.00   150.00    20.00   200.00     0.00   657.00     0.00
 [309]   500.00   317.00   317.00     0.00     0.00     0.00     0.00
 [316]     0.00     0.00     0.00     0.00   550.00     0.00     0.00
 [323]  1200.00   157.00   545.85   500.00   500.00   200.00   315.00
 [330]    75.00   350.00   650.00     0.00   500.00     0.00   100.00
 [337]     0.00     0.00    50.00   275.00   800.00   315.00     0.00
 [344]     0.00     0.00     0.00     0.00   450.00   450.00    25.00
 [351]   315.00   175.00     0.00   200.00     0.00  3000.00    36.00
 [358]     0.00  6500.00     0.00     0.00     0.00  2993.85   110.00
 [365]   157.00     0.00     0.00     0.00     0.00     0.00   450.00
 [372]    40.00     0.00     0.00    55.00    80.00     0.00   200.00
 [379]   295.00    75.00     0.00     0.00     0.00  5500.00     0.00
 [386]     0.00     0.00     0.00     0.00  1250.00    75.00     0.00
 [393]     0.00     0.00     0.00     0.00     0.00     0.00     0.00
 [400]   315.00   320.00   407.00     0.00     0.00   315.00   135.00
 [407]     0.00     0.00     0.00    30.00   175.00   200.00     0.00
 [414]   240.00     0.00     0.00    26.00   400.00   400.00     0.00
 [421]   100.00     0.00     0.00     0.00     0.00     0.00    40.00
 [428]     0.00  2900.00     0.00     0.00    85.00     0.00     0.00
 [435]     0.00     0.00     0.00   175.00     0.00   315.00     0.00
 [442]     0.00     0.00   258.00     0.00     0.00   125.00   100.00
 [449]   150.00  2000.00    25.00     0.00  1800.00   600.00   210.00
 [456]     0.00    60.00     0.00   357.00    15.00     0.00     0.00
 [463]     0.00     0.00     0.00   125.00     0.00   582.55     0.00
 [470]    40.00  2500.00     0.00   100.00     0.00     0.00     0.00
 [477]   400.00    70.00  1350.00     0.00     0.00     0.00   430.90
 [484]     0.00     0.00 13500.00     0.00     0.00  2000.00   100.00
 [491]   500.00     0.00    75.00     0.00   150.00   314.00   100.00
 [498]     0.00    80.00     0.00     0.00   207.00    20.00    50.00
 [505]   233.00   315.00   315.00   400.00   100.00   207.00    50.00
 [512]   100.00     0.00  5360.00     0.00     0.00  2000.00   400.00
 [519]     0.00     0.00   300.00     0.00   315.00   295.00     0.00
 [526]   400.00   100.00   350.00   317.00     0.00     0.00     0.00
 [533]     0.00   215.00  2000.00   315.00    50.00   400.00     0.00
 [540]   175.00     0.00    25.00   100.00  1250.00     0.00     0.00
 [547]    30.00     0.00     0.00   156.00     0.00     0.00   288.00
 [554]    20.00     0.00   315.00     0.00   657.00   150.00   500.00
 [561]    50.00   100.00     0.00    80.00   258.00     0.00     0.00
 [568]     0.00     0.00     0.00   600.00   157.00   400.00   175.00
 [575]    50.00     0.00     0.00   100.00   157.00   550.00    20.00
 [582]    50.00     0.00     0.00   225.00   100.00   500.00   100.00
 [589]     0.00     0.00     0.00   315.00   230.00     0.00    75.00
 [596]   300.00    50.00   220.00     0.00     0.00     0.00     0.00
 [603]  1000.00   210.00    85.00    50.00     0.00   150.00     0.00
 [610]   145.00     0.00     0.00   100.00   315.00   315.00     0.00
 [617]   220.00     0.00   200.00     0.00   100.00     0.00    50.00
 [624]   250.00   125.00   125.00    80.00   450.00     0.00     0.00
 [631]     0.00  1400.00  1000.00     0.00   150.00    25.00     0.00
 [638]     0.00     0.00   100.00     0.00    50.00    15.00     0.00
 [645]   283.00    50.00     0.00   320.00    50.00  3000.00     0.00
 [652]     0.00   100.00     0.00     0.00     0.00   315.00   100.00
 [659]   257.00     0.00   100.00     0.00     0.00  2000.00    50.00
 [666]     0.00     0.00     0.00   135.00     0.00    20.00     0.00
 [673]     0.00    55.00     0.00   350.00   300.00     0.00    25.00
 [680]     0.00     0.00  1200.00    25.00   100.00   250.00     0.00
 [687]     0.00     0.00     0.00    25.00   200.00     0.00     0.00
 [694]     0.00     0.00   500.00   150.00     0.00   200.00     0.00
 [701]   315.00   208.00     0.00    65.00   200.00     0.00     0.00
 [708]  1750.00  4716.00   115.00     0.00     0.00    10.00   150.00
 [715]   100.00     0.00     0.00     0.00     0.00  3559.80   100.00
 [722]     0.00   500.00     0.00    50.00     0.00     0.00     0.00
 [729]   367.00     0.00    75.00     0.00  1000.00     0.00     0.00
 [736]   500.00     0.00     0.00    75.00  1000.00     0.00   750.00
 [743]   700.00    50.00   275.00  3559.80    30.00     0.00     0.00
 [750]  4000.00   100.00     0.00   250.00   458.00     0.00   175.00
 [757]   100.00     0.00     0.00   100.00     0.00     0.00   250.00
 [764]     0.00     0.00    55.00     0.00     0.00    80.00     0.00
 [771]     0.00     0.00   150.00     0.00     0.00     0.00     0.00
 [778]     0.00     0.00     0.00   200.00     0.00   150.00   600.00
 [785]    50.00     0.00   160.00     0.00     0.00    55.00     0.00
 [792]   100.00     0.00     0.00     0.00     0.00     0.00     0.00
 [799]   800.00    50.00     0.00     0.00     0.00     0.00     0.00
 [806]     0.00     0.00     0.00    75.00     0.00     0.00     0.00
 [813]     0.00   150.00     0.00     0.00   257.00     0.00   500.00
 [820]     0.00     0.00     0.00     0.00     0.00     0.00   120.00
 [827]     0.00     0.00   129.00     0.00     0.00    25.00   100.00
 [834]     0.00     0.00     0.00     0.00     0.00     0.00     0.00
 [841]     0.00     0.00   100.00     0.00     0.00     0.00   315.00
 [848]     0.00   200.00     0.00     0.00     0.00    50.00     0.00
 [855]   258.00     0.00   350.00     0.00   125.00    50.00     0.00
 [862]     0.00    70.00     0.00    45.00     0.00     0.00    50.00
 [869]    50.00     0.00     0.00     0.00     0.00     0.00     0.00
 [876]    35.00     0.00    20.00     0.00     0.00     0.00     0.00
 [883]     0.00    10.00     0.00     0.00     0.00    20.00    20.00
 [890]     0.00     0.00    10.00   145.00     0.00     0.00     0.00
 [897]     0.00     0.00     0.00    70.00     0.00    30.00     0.00
 [904]    75.00     0.00     0.00     0.00   150.00     0.00    50.00
 [911]     0.00   100.00     0.00     0.00    50.00    80.00     0.00
 [918]    25.00    20.00     0.00     0.00    20.00     0.00     0.00
 [925]     0.00     0.00     0.00    50.00     0.00    20.00     0.00
 [932]     0.00     0.00     0.00     0.00    10.00     0.00    40.00
 [939]    10.00    10.00    10.00    55.00     0.00     0.00    62.18
 [946]     0.00    20.00    20.00    80.00    20.00     0.00    25.00
 [953]   125.00    20.00    10.00    45.00     0.00     0.00     0.00
 [960]     0.00    40.00     0.00     0.00     0.00     0.00     0.00
 [967]    50.00     0.00   100.00     0.00     0.00   200.00     0.00
 [974]   100.00   130.00    50.00    30.00    10.00     0.00     0.00
 [981]   450.00   315.00    15.00    25.00     0.00     0.00     0.00
 [988]     0.00    85.00     0.00     0.00     0.00     0.00     0.00
 [995]     0.00     0.00     0.00   200.00     0.00     0.00
 [ reached getOption("max.print") -- omitted 230 entries ]
> 
> 
> mean(don$TGiving)mean(don$TGiving)mean(don$TGiving)
Error: unexpected symbol in "mean(don$TGiving)mean"
> mean(don$TGiving)
[1] 579.1691
> 
> don[1:5,]don[1:5,]
Error: unexpected symbol in "don[1:5,]don"
> don[1:5,]
  Gender Class.Year Marital.Status   Major Next.Degree FY04Giving
1      M       1957              M History         LLB       2500
2      M       1957              M Physics          MS       5000
3      F       1957              M   Music        NONE       5000
4      M       1957              M History        NONE          0
5      M       1957              M Biology          MD       1000
  FY03Giving FY02Giving FY01Giving FY00Giving AttendenceEvent TGiving
1       2500       1400      12060      12000               1   25460
2       5000       5000       5000      10000               1   20000
3       5000       5000       5000      10000               1   20000
4       5100        200        200          0               1     400
5       1000       1000       1005       1000               1    3005
> mean(don$TGiving)
[1] 579.1691
